◇ injected env (14) from app/ContaEste/.env // tip: ⌘ suppress logs { quiet: true }
[Cron Alerts] Inicio de ejecución a las: 2026-07-16T12:30:02.416Z
✅ Conectado a SQL Server (ContabilidadDB)
[Cron Alerts] Encontrados 1 usuarios con alertas activas.
[Cron Alerts] Encontrados 1 gastos pendientes/vencidos. Enviando a 1 usuarios.
[Cron Alerts] No hay contratos activos pendientes de facturar en el mes corriente.
[Cron Alerts] Enviando 1 correos en total...
✉️ Correo enviado vía Graph a: richard@simons.cl (Asunto: Pago Pendiente)
[Cron Alerts] Finalizado. Envíos exitosos: 1/1
[Cron Alerts] Iniciando limpieza de logs antiguos (>30 días)...
[Cron Alerts] Limpieza completada. Registros eliminados: 1
[Cron Alerts] Conexión a la base de datos cerrada.
[Cron Alerts] Fin de la ejecución.
◇ injected env (14) from app/ContaEste/.env // tip: ⌘ enable debugging { debug: true }
[Cron Alerts] Inicio de ejecución a las: 2026-07-17T12:30:01.928Z
✅ Conectado a SQL Server (ContabilidadDB)
[Cron Alerts] Encontrados 1 usuarios con alertas activas.
[Cron Alerts] No hay gastos operacionales vencidos o por vencer en <= 3 días.
[Cron Alerts] No hay contratos activos pendientes de facturar en el mes corriente.
[Cron Alerts] Iniciando limpieza de logs antiguos (>30 días)...
[Cron Alerts] Limpieza completada. Registros eliminados: 3
[Cron Alerts] Conexión a la base de datos cerrada.
[Cron Alerts] Fin de la ejecución.
◇ injected env (14) from app/ContaEste/.env // tip: ⌁ auth for agents [www.vestauth.com]
[Cron Alerts] Inicio de ejecución a las: 2026-07-18T12:30:01.435Z
✅ Conectado a SQL Server (ContabilidadDB)
[Cron Alerts] Encontrados 1 usuarios con alertas activas.
[Cron Alerts] No hay gastos operacionales vencidos o por vencer en <= 3 días.
[Cron Alerts] No hay contratos activos pendientes de facturar en el mes corriente.
[Cron Alerts] Iniciando limpieza de logs antiguos (>30 días)...
[Cron Alerts] Limpieza completada. Registros eliminados: 7
[Cron Alerts] Conexión a la base de datos cerrada.
[Cron Alerts] Fin de la ejecución.
◇ injected env (14) from app/ContaEste/.env // tip: ⌘ multiple files { path: ['.env.local', '.env'] }
[Cron Alerts] Inicio de ejecución a las: 2026-07-19T12:30:02.022Z
✅ Conectado a SQL Server (ContabilidadDB)
[Cron Alerts] Encontrados 1 usuarios con alertas activas.
[Cron Alerts] No hay gastos operacionales vencidos o por vencer en <= 3 días.
[Cron Alerts] No hay contratos activos pendientes de facturar en el mes corriente.
[Cron Alerts] Iniciando limpieza de logs antiguos (>30 días)...
[Cron Alerts] Limpieza completada. Registros eliminados: 7
[Cron Alerts] Conexión a la base de datos cerrada.
[Cron Alerts] Fin de la ejecución.
◇ injected env (14) from app/ContaEste/.env // tip: ◈ secrets for agents [www.dotenvx.com]
[Cron Alerts] Inicio de ejecución a las: 2026-07-20T12:30:01.551Z
✅ Conectado a SQL Server (ContabilidadDB)
[Cron Alerts] Encontrados 1 usuarios con alertas activas.
[Cron Alerts] No hay gastos operacionales vencidos o por vencer en <= 3 días.
[Cron Alerts] No hay contratos activos pendientes de facturar en el mes corriente.
[Cron Alerts] Iniciando limpieza de logs antiguos (>30 días)...
[Cron Alerts] Limpieza completada. Registros eliminados: 1
[Cron Alerts] Conexión a la base de datos cerrada.
[Cron Alerts] Fin de la ejecución.
◇ injected env (14) from app/ContaEste/.env // tip: ⌘ suppress logs { quiet: true }
[Cron Alerts] Inicio de ejecución a las: 2026-07-21T12:30:01.939Z
✅ Conectado a SQL Server (ContabilidadDB)
[Cron Alerts] Encontrados 1 usuarios con alertas activas.
[Cron Alerts] No hay gastos operacionales vencidos o por vencer en <= 3 días.
[Cron Alerts] No hay contratos activos pendientes de facturar en el mes corriente.
[Cron Alerts] Iniciando limpieza de logs antiguos (>30 días)...
[Cron Alerts] Limpieza completada. Registros eliminados: 2
[Cron Alerts] Conexión a la base de datos cerrada.
[Cron Alerts] Fin de la ejecución.
◇ injected env (14) from app/ContaEste/.env // tip: ⌁ auth for agents [www.vestauth.com]
[Cron Alerts] Inicio de ejecución a las: 2026-07-22T12:30:01.495Z
✅ Conectado a SQL Server (ContabilidadDB)
[Cron Alerts] Encontrados 1 usuarios con alertas activas.
[Cron Alerts] No hay gastos operacionales vencidos o por vencer en <= 3 días.
[Cron Alerts] No hay contratos activos pendientes de facturar en el mes corriente.
[Cron Alerts] Iniciando limpieza de logs antiguos (>30 días)...
[Cron Alerts] Limpieza completada. Registros eliminados: 22
[Cron Alerts] Conexión a la base de datos cerrada.
[Cron Alerts] Fin de la ejecución.
◇ injected env (14) from app/ContaEste/.env // tip: ⌘ suppress logs { quiet: true }
[Cron Alerts] Inicio de ejecución a las: 2026-07-23T12:30:01.507Z
✅ Conectado a SQL Server (ContabilidadDB)
[Cron Alerts] Encontrados 1 usuarios con alertas activas.
[Cron Alerts] No hay gastos operacionales vencidos o por vencer en <= 3 días.
[Cron Alerts] No hay contratos activos pendientes de facturar en el mes corriente.
[Cron Alerts] Iniciando limpieza de logs antiguos (>30 días)...
[Cron Alerts] Limpieza completada. Registros eliminados: 1
[Cron Alerts] Conexión a la base de datos cerrada.
[Cron Alerts] Fin de la ejecución.
◇ injected env (14) from app/ContaEste/.env // tip: ⌘ custom filepath { path: '/custom/path/.env' }
[Cron Alerts] Inicio de ejecución a las: 2026-07-24T12:30:03.252Z
✅ Conectado a SQL Server (ContabilidadDB)
[Cron Alerts] Encontrados 1 usuarios con alertas activas.
[Cron Alerts] No hay gastos operacionales vencidos o por vencer en <= 3 días.
[Cron Alerts] No hay contratos activos pendientes de facturar en el mes corriente.
[Cron Alerts] Iniciando limpieza de logs antiguos (>30 días)...
[Cron Alerts] Limpieza completada. Registros eliminados: 22
[Cron Alerts] Conexión a la base de datos cerrada.
[Cron Alerts] Fin de la ejecución.
◇ injected env (14) from app/ContaEste/.env // tip: ⌘ suppress logs { quiet: true }
[Cron Alerts] Inicio de ejecución a las: 2026-07-25T12:30:01.970Z
✅ Conectado a SQL Server (ContabilidadDB)
[Cron Alerts] Encontrados 1 usuarios con alertas activas.
[Cron Alerts] No hay gastos operacionales vencidos o por vencer en <= 3 días.
[Cron Alerts] No hay contratos activos pendientes de facturar en el mes corriente.
[Cron Alerts] Iniciando limpieza de logs antiguos (>30 días)...
[Cron Alerts] Limpieza completada. Registros eliminados: 11
[Cron Alerts] Conexión a la base de datos cerrada.
[Cron Alerts] Fin de la ejecución.
◇ injected env (14) from app/ContaEste/.env // tip: ⌘ multiple files { path: ['.env.local', '.env'] }
[Cron Alerts] Inicio de ejecución a las: 2026-07-26T12:30:02.299Z
✅ Conectado a SQL Server (ContabilidadDB)
[Cron Alerts] Encontrados 1 usuarios con alertas activas.
[Cron Alerts] Encontrados 1 gastos pendientes/vencidos. Enviando a 1 usuarios.
[Cron Alerts] No hay contratos activos pendientes de facturar en el mes corriente.
[Cron Alerts] Enviando 1 correos en total...
✉️ Correo enviado vía Graph a: richard@simons.cl (Asunto: Pago Pendiente)
[Cron Alerts] Finalizado. Envíos exitosos: 1/1
[Cron Alerts] Iniciando limpieza de logs antiguos (>30 días)...
[Cron Alerts] Limpieza completada. Registros eliminados: 33
[Cron Alerts] Conexión a la base de datos cerrada.
[Cron Alerts] Fin de la ejecución.
◇ injected env (14) from app/ContaEste/.env // tip: ⌘ override existing { override: true }
[Cron Alerts] Inicio de ejecución a las: 2026-07-27T12:30:02.149Z
✅ Conectado a SQL Server (ContabilidadDB)
[Cron Alerts] Encontrados 1 usuarios con alertas activas.
[Cron Alerts] Encontrados 6 gastos pendientes/vencidos. Enviando a 1 usuarios.
[Cron Alerts] No hay contratos activos pendientes de facturar en el mes corriente.
[Cron Alerts] Enviando 1 correos en total...
✉️ Correo enviado vía Graph a: richard@simons.cl (Asunto: Pago Pendiente)
[Cron Alerts] Finalizado. Envíos exitosos: 1/1
[Cron Alerts] Iniciando limpieza de logs antiguos (>30 días)...
[Cron Alerts] Limpieza completada. Registros eliminados: 34
[Cron Alerts] Conexión a la base de datos cerrada.
[Cron Alerts] Fin de la ejecución.
◇ injected env (14) from app/ContaEste/.env // tip: ◈ encrypted .env [www.dotenvx.com]
[Cron Alerts] Inicio de ejecución a las: 2026-07-28T12:30:02.195Z
✅ Conectado a SQL Server (ContabilidadDB)
[Cron Alerts] Encontrados 1 usuarios con alertas activas.
[Cron Alerts] Encontrados 6 gastos pendientes/vencidos. Enviando a 1 usuarios.
[Cron Alerts] No hay contratos activos pendientes de facturar en el mes corriente.
[Cron Alerts] Enviando 1 correos en total...
✉️ Correo enviado vía Graph a: richard@simons.cl (Asunto: Pago Pendiente)
[Cron Alerts] Finalizado. Envíos exitosos: 1/1
[Cron Alerts] Iniciando limpieza de logs antiguos (>30 días)...
[Cron Alerts] Limpieza completada. Registros eliminados: 0
[Cron Alerts] Conexión a la base de datos cerrada.
[Cron Alerts] Fin de la ejecución.
◇ injected env (14) from app/ContaEste/.env // tip: ⌘ enable debugging { debug: true }
[Cron Alerts] Inicio de ejecución a las: 2026-07-29T12:30:03.055Z
✅ Conectado a SQL Server (ContabilidadDB)
[Cron Alerts] Encontrados 1 usuarios con alertas activas.
[Cron Alerts] Encontrados 6 gastos pendientes/vencidos. Enviando a 1 usuarios.
[Cron Alerts] No hay contratos activos pendientes de facturar en el mes corriente.
[Cron Alerts] Enviando 1 correos en total...
✉️ Correo enviado vía Graph a: richard@simons.cl (Asunto: Pago Pendiente)
[Cron Alerts] Finalizado. Envíos exitosos: 1/1
[Cron Alerts] Iniciando limpieza de logs antiguos (>30 días)...
[Cron Alerts] Limpieza completada. Registros eliminados: 4
[Cron Alerts] Conexión a la base de datos cerrada.
[Cron Alerts] Fin de la ejecución.
◇ injected env (14) from app/ContaEste/.env // tip: ◈ encrypted .env [www.dotenvx.com]
[Cron Alerts] Inicio de ejecución a las: 2026-07-30T12:30:02.268Z
✅ Conectado a SQL Server (ContabilidadDB)
[Cron Alerts] Encontrados 1 usuarios con alertas activas.
[Cron Alerts] No hay gastos operacionales vencidos o por vencer en <= 3 días.
[Cron Alerts] No hay contratos activos pendientes de facturar en el mes corriente.
[Cron Alerts] Iniciando limpieza de logs antiguos (>30 días)...
[Cron Alerts] Limpieza completada. Registros eliminados: 6
[Cron Alerts] Conexión a la base de datos cerrada.
[Cron Alerts] Fin de la ejecución.
◇ injected env (14) from app/ContaEste/.env // tip: ◈ secrets for agents [www.dotenvx.com]
[Cron Alerts] Inicio de ejecución a las: 2026-07-31T12:30:01.880Z
✅ Conectado a SQL Server (ContabilidadDB)
[Cron Alerts] Encontrados 1 usuarios con alertas activas.
[Cron Alerts] No hay gastos operacionales vencidos o por vencer en <= 3 días.
[Cron Alerts] No hay contratos activos pendientes de facturar en el mes corriente.
[Cron Alerts] Iniciando limpieza de logs antiguos (>30 días)...
[Cron Alerts] Limpieza completada. Registros eliminados: 0
[Cron Alerts] Conexión a la base de datos cerrada.
[Cron Alerts] Fin de la ejecución.
◇ injected env (14) from app/ContaEste/.env // tip: ⌘ suppress logs { quiet: true }
[Cron Alerts] Inicio de ejecución a las: 2026-08-01T12:30:01.489Z
✅ Conectado a SQL Server (ContabilidadDB)
[Cron Alerts] Encontrados 1 usuarios con alertas activas.
[Cron Alerts] No hay gastos operacionales vencidos o por vencer en <= 3 días.
[Cron Alerts] Encontrados 1 contratos pendientes de facturar. Enviando a 1 usuarios.
[Cron Alerts] Enviando 1 correos en total...
✉️ Correo enviado vía Graph a: richard@simons.cl (Asunto: Cobro Pendiente)
[Cron Alerts] Finalizado. Envíos exitosos: 1/1
[Cron Alerts] Iniciando limpieza de logs antiguos (>30 días)...
[Cron Alerts] Limpieza completada. Registros eliminados: 20
[Cron Alerts] Conexión a la base de datos cerrada.
[Cron Alerts] Fin de la ejecución.
◇ injected env (14) from app/ContaEste/.env // tip: ◈ secrets for agents [www.dotenvx.com]
[Cron Alerts] Inicio de ejecución a las: 2026-08-02T12:30:02.231Z
✅ Conectado a SQL Server (ContabilidadDB)
[Cron Alerts] Encontrados 1 usuarios con alertas activas.
[Cron Alerts] No hay gastos operacionales vencidos o por vencer en <= 3 días.
[Cron Alerts] Encontrados 1 contratos pendientes de facturar. Enviando a 1 usuarios.
[Cron Alerts] Enviando 1 correos en total...
✉️ Correo enviado vía Graph a: richard@simons.cl (Asunto: Cobro Pendiente)
[Cron Alerts] Finalizado. Envíos exitosos: 1/1
[Cron Alerts] Iniciando limpieza de logs antiguos (>30 días)...
[Cron Alerts] Limpieza completada. Registros eliminados: 0
[Cron Alerts] Conexión a la base de datos cerrada.
[Cron Alerts] Fin de la ejecución.
◇ injected env (14) from app/ContaEste/.env // tip: ⌁ auth for agents [www.vestauth.com]
[Cron Alerts] Inicio de ejecución a las: 2026-08-03T12:30:02.329Z
✅ Conectado a SQL Server (ContabilidadDB)
[Cron Alerts] Encontrados 1 usuarios con alertas activas.
[Cron Alerts] No hay gastos operacionales vencidos o por vencer en <= 3 días.
[Cron Alerts] Encontrados 1 contratos pendientes de facturar. Enviando a 1 usuarios.
[Cron Alerts] Enviando 1 correos en total...
✉️ Correo enviado vía Graph a: richard@simons.cl (Asunto: Cobro Pendiente)
[Cron Alerts] Finalizado. Envíos exitosos: 1/1
[Cron Alerts] Iniciando limpieza de logs antiguos (>30 días)...
[Cron Alerts] Limpieza completada. Registros eliminados: 4
[Cron Alerts] Conexión a la base de datos cerrada.
[Cron Alerts] Fin de la ejecución.
◇ injected env (14) from app/ContaEste/.env // tip: ⌘ custom filepath { path: '/custom/path/.env' }
[Cron Alerts] Inicio de ejecución a las: 2026-08-04T12:30:02.136Z
✅ Conectado a SQL Server (ContabilidadDB)
[Cron Alerts] Encontrados 1 usuarios con alertas activas.
[Cron Alerts] No hay gastos operacionales vencidos o por vencer en <= 3 días.
[Cron Alerts] No hay contratos activos pendientes de facturar en el mes corriente.
[Cron Alerts] Iniciando limpieza de logs antiguos (>30 días)...
[Cron Alerts] Limpieza completada. Registros eliminados: 8
[Cron Alerts] Conexión a la base de datos cerrada.
[Cron Alerts] Fin de la ejecución.
◇ injected env (14) from app/ContaEste/.env // tip: ⌘ custom filepath { path: '/custom/path/.env' }
[Cron Alerts] Inicio de ejecución a las: 2026-08-05T12:30:02.817Z
✅ Conectado a SQL Server (ContabilidadDB)
[Cron Alerts] Encontrados 1 usuarios con alertas activas.
[Cron Alerts] No hay gastos operacionales vencidos o por vencer en <= 3 días.
[Cron Alerts] No hay contratos activos pendientes de facturar en el mes corriente.
[Cron Alerts] Iniciando limpieza de logs antiguos (>30 días)...
[Cron Alerts] Limpieza completada. Registros eliminados: 8
[Cron Alerts] Conexión a la base de datos cerrada.
[Cron Alerts] Fin de la ejecución.
◇ injected env (14) from app/ContaEste/.env // tip: ⌘ custom filepath { path: '/custom/path/.env' }
[Cron Alerts] Inicio de ejecución a las: 2026-08-06T12:30:03.703Z
✅ Conectado a SQL Server (ContabilidadDB)
[Cron Alerts] Encontrados 1 usuarios con alertas activas.
[Cron Alerts] No hay gastos operacionales vencidos o por vencer en <= 3 días.
[Cron Alerts] No hay contratos activos pendientes de facturar en el mes corriente.
[Cron Alerts] Iniciando limpieza de logs antiguos (>30 días)...
[Cron Alerts] Limpieza completada. Registros eliminados: 5
[Cron Alerts] Conexión a la base de datos cerrada.
[Cron Alerts] Fin de la ejecución.
◇ injected env (14) from app/ContaEste/.env // tip: ⌘ multiple files { path: ['.env.local', '.env'] }
[Cron Alerts] Inicio de ejecución a las: 2026-08-07T12:30:02.074Z
✅ Conectado a SQL Server (ContabilidadDB)
[Cron Alerts] Encontrados 1 usuarios con alertas activas.
[Cron Alerts] No hay gastos operacionales vencidos o por vencer en <= 3 días.
[Cron Alerts] No hay contratos activos pendientes de facturar en el mes corriente.
[Cron Alerts] Iniciando limpieza de logs antiguos (>30 días)...
[Cron Alerts] Limpieza completada. Registros eliminados: 14
[Cron Alerts] Conexión a la base de datos cerrada.
[Cron Alerts] Fin de la ejecución.
◇ injected env (14) from app/ContaEste/.env // tip: ⌘ enable debugging { debug: true }
[Cron Alerts] Inicio de ejecución a las: 2026-08-08T12:30:01.850Z
✅ Conectado a SQL Server (ContabilidadDB)
[Cron Alerts] Encontrados 1 usuarios con alertas activas.
[Cron Alerts] No hay gastos operacionales vencidos o por vencer en <= 3 días.
[Cron Alerts] No hay contratos activos pendientes de facturar en el mes corriente.
[Cron Alerts] Iniciando limpieza de logs antiguos (>30 días)...
[Cron Alerts] Limpieza completada. Registros eliminados: 3
[Cron Alerts] Conexión a la base de datos cerrada.
[Cron Alerts] Fin de la ejecución.
◇ injected env (14) from app/ContaEste/.env // tip: ⌘ multiple files { path: ['.env.local', '.env'] }
[Cron Alerts] Inicio de ejecución a las: 2026-08-09T12:30:02.549Z
✅ Conectado a SQL Server (ContabilidadDB)
[Cron Alerts] Encontrados 1 usuarios con alertas activas.
[Cron Alerts] No hay gastos operacionales vencidos o por vencer en <= 3 días.
[Cron Alerts] No hay contratos activos pendientes de facturar en el mes corriente.
[Cron Alerts] Iniciando limpieza de logs antiguos (>30 días)...
[Cron Alerts] Limpieza completada. Registros eliminados: 4
[Cron Alerts] Conexión a la base de datos cerrada.
[Cron Alerts] Fin de la ejecución.
◇ injected env (14) from app/ContaEste/.env // tip: ⌘ enable debugging { debug: true }
[Cron Alerts] Inicio de ejecución a las: 2026-08-10T12:30:02.229Z
✅ Conectado a SQL Server (ContabilidadDB)
[Cron Alerts] Encontrados 1 usuarios con alertas activas.
[Cron Alerts] No hay gastos operacionales vencidos o por vencer en <= 3 días.
[Cron Alerts] No hay contratos activos pendientes de facturar en el mes corriente.
[Cron Alerts] Iniciando limpieza de logs antiguos (>30 días)...
[Cron Alerts] Limpieza completada. Registros eliminados: 13
[Cron Alerts] Conexión a la base de datos cerrada.
[Cron Alerts] Fin de la ejecución.
◇ injected env (14) from app/ContaEste/.env // tip: ◈ secrets for agents [www.dotenvx.com]
[Cron Alerts] Inicio de ejecución a las: 2026-08-11T12:30:01.893Z
✅ Conectado a SQL Server (ContabilidadDB)
[Cron Alerts] Encontrados 1 usuarios con alertas activas.
[Cron Alerts] Encontrados 1 gastos pendientes/vencidos. Enviando a 1 usuarios.
[Cron Alerts] No hay contratos activos pendientes de facturar en el mes corriente.
[Cron Alerts] Enviando 1 correos en total...
✉️ Correo enviado vía Graph a: richard@simons.cl (Asunto: Pago Pendiente)
[Cron Alerts] Finalizado. Envíos exitosos: 1/1
[Cron Alerts] Iniciando limpieza de logs antiguos (>30 días)...
[Cron Alerts] Limpieza completada. Registros eliminados: 1
[Cron Alerts] Conexión a la base de datos cerrada.
[Cron Alerts] Fin de la ejecución.
◇ injected env (14) from app/ContaEste/.env // tip: ◈ encrypted .env [www.dotenvx.com]
[Cron Alerts] Inicio de ejecución a las: 2026-08-12T12:30:02.527Z
✅ Conectado a SQL Server (ContabilidadDB)
[Cron Alerts] Encontrados 1 usuarios con alertas activas.
[Cron Alerts] Encontrados 1 gastos pendientes/vencidos. Enviando a 1 usuarios.
[Cron Alerts] No hay contratos activos pendientes de facturar en el mes corriente.
[Cron Alerts] Enviando 1 correos en total...
✉️ Correo enviado vía Graph a: richard@simons.cl (Asunto: Pago Pendiente)
[Cron Alerts] Finalizado. Envíos exitosos: 1/1
[Cron Alerts] Iniciando limpieza de logs antiguos (>30 días)...
[Cron Alerts] Limpieza completada. Registros eliminados: 4
[Cron Alerts] Conexión a la base de datos cerrada.
[Cron Alerts] Fin de la ejecución.
◇ injected env (14) from app/ContaEste/.env // tip: ⌘ override existing { override: true }
[Cron Alerts] Inicio de ejecución a las: 2026-08-13T12:30:02.709Z
✅ Conectado a SQL Server (ContabilidadDB)
[Cron Alerts] Encontrados 1 usuarios con alertas activas.
[Cron Alerts] Encontrados 1 gastos pendientes/vencidos. Enviando a 1 usuarios.
[Cron Alerts] No hay contratos activos pendientes de facturar en el mes corriente.
[Cron Alerts] Enviando 1 correos en total...
✉️ Correo enviado vía Graph a: richard@simons.cl (Asunto: Pago Pendiente)
[Cron Alerts] Finalizado. Envíos exitosos: 1/1
[Cron Alerts] Iniciando limpieza de logs antiguos (>30 días)...
[Cron Alerts] Limpieza completada. Registros eliminados: 8
[Cron Alerts] Conexión a la base de datos cerrada.
[Cron Alerts] Fin de la ejecución.
◇ injected env (14) from app/ContaEste/.env // tip: ⌁ auth for agents [www.vestauth.com]
[Cron Alerts] Inicio de ejecución a las: 2026-08-14T12:30:02.932Z
✅ Conectado a SQL Server (ContabilidadDB)
[Cron Alerts] Encontrados 1 usuarios con alertas activas.
[Cron Alerts] No hay gastos operacionales vencidos o por vencer en <= 3 días.
[Cron Alerts] No hay contratos activos pendientes de facturar en el mes corriente.
[Cron Alerts] Iniciando limpieza de logs antiguos (>30 días)...
[Cron Alerts] Limpieza completada. Registros eliminados: 6
[Cron Alerts] Conexión a la base de datos cerrada.
[Cron Alerts] Fin de la ejecución.
◇ injected env (14) from app/ContaEste/.env // tip: ◈ secrets for agents [www.dotenvx.com]
[Cron Alerts] Inicio de ejecución a las: 2026-08-15T12:30:02.313Z
✅ Conectado a SQL Server (ContabilidadDB)
[Cron Alerts] Encontrados 1 usuarios con alertas activas.
[Cron Alerts] No hay gastos operacionales vencidos o por vencer en <= 3 días.
[Cron Alerts] No hay contratos activos pendientes de facturar en el mes corriente.
[Cron Alerts] Iniciando limpieza de logs antiguos (>30 días)...
[Cron Alerts] Limpieza completada. Registros eliminados: 11
[Cron Alerts] Conexión a la base de datos cerrada.
[Cron Alerts] Fin de la ejecución.
◇ injected env (14) from app/ContaEste/.env // tip: ◈ secrets for agents [www.dotenvx.com]
[Cron Alerts] Inicio de ejecución a las: 2026-08-16T12:30:01.598Z
✅ Conectado a SQL Server (ContabilidadDB)
[Cron Alerts] Encontrados 1 usuarios con alertas activas.
[Cron Alerts] No hay gastos operacionales vencidos o por vencer en <= 3 días.
[Cron Alerts] No hay contratos activos pendientes de facturar en el mes corriente.
[Cron Alerts] Iniciando limpieza de logs antiguos (>30 días)...
[Cron Alerts] Limpieza completada. Registros eliminados: 11
[Cron Alerts] Conexión a la base de datos cerrada.
[Cron Alerts] Fin de la ejecución.
◇ injected env (14) from app/ContaEste/.env // tip: ◈ secrets for agents [www.dotenvx.com]
[Cron Alerts] Inicio de ejecución a las: 2026-08-17T12:30:03.868Z
✅ Conectado a SQL Server (ContabilidadDB)
[Cron Alerts] Encontrados 1 usuarios con alertas activas.
[Cron Alerts] No hay gastos operacionales vencidos o por vencer en <= 3 días.
[Cron Alerts] No hay contratos activos pendientes de facturar en el mes corriente.
[Cron Alerts] Iniciando limpieza de logs antiguos (>30 días)...
[Cron Alerts] Limpieza completada. Registros eliminados: 5
[Cron Alerts] Conexión a la base de datos cerrada.
[Cron Alerts] Fin de la ejecución.
◇ injected env (14) from app/ContaEste/.env // tip: ⌘ enable debugging { debug: true }
[Cron Alerts] Inicio de ejecución a las: 2026-08-18T12:30:03.021Z
✅ Conectado a SQL Server (ContabilidadDB)
[Cron Alerts] Encontrados 1 usuarios con alertas activas.
[Cron Alerts] No hay gastos operacionales vencidos o por vencer en <= 3 días.
[Cron Alerts] No hay contratos activos pendientes de facturar en el mes corriente.
[Cron Alerts] Iniciando limpieza de logs antiguos (>30 días)...
[Cron Alerts] Limpieza completada. Registros eliminados: 2
[Cron Alerts] Conexión a la base de datos cerrada.
[Cron Alerts] Fin de la ejecución.
◇ injected env (14) from app/ContaEste/.env // tip: ⌘ custom filepath { path: '/custom/path/.env' }
[Cron Alerts] Inicio de ejecución a las: 2026-08-19T12:30:02.690Z
✅ Conectado a SQL Server (ContabilidadDB)
[Cron Alerts] Encontrados 1 usuarios con alertas activas.
[Cron Alerts] No hay gastos operacionales vencidos o por vencer en <= 3 días.
[Cron Alerts] No hay contratos activos pendientes de facturar en el mes corriente.
[Cron Alerts] Iniciando limpieza de logs antiguos (>30 días)...
[Cron Alerts] Limpieza completada. Registros eliminados: 2
[Cron Alerts] Conexión a la base de datos cerrada.
[Cron Alerts] Fin de la ejecución.
◇ injected env (14) from app/ContaEste/.env // tip: ⌁ auth for agents [www.vestauth.com]
[Cron Alerts] Inicio de ejecución a las: 2026-08-20T12:30:02.065Z
✅ Conectado a SQL Server (ContabilidadDB)
[Cron Alerts] Encontrados 1 usuarios con alertas activas.
[Cron Alerts] No hay gastos operacionales vencidos o por vencer en <= 3 días.
[Cron Alerts] No hay contratos activos pendientes de facturar en el mes corriente.
[Cron Alerts] Iniciando limpieza de logs antiguos (>30 días)...
[Cron Alerts] Limpieza completada. Registros eliminados: 4
[Cron Alerts] Conexión a la base de datos cerrada.
[Cron Alerts] Fin de la ejecución.
◇ injected env (14) from app/ContaEste/.env // tip: ◈ encrypted .env [www.dotenvx.com]
[Cron Alerts] Inicio de ejecución a las: 2026-08-21T12:30:02.840Z
✅ Conectado a SQL Server (ContabilidadDB)
[Cron Alerts] Encontrados 1 usuarios con alertas activas.
[Cron Alerts] No hay gastos operacionales vencidos o por vencer en <= 3 días.
[Cron Alerts] No hay contratos activos pendientes de facturar en el mes corriente.
[Cron Alerts] Iniciando limpieza de logs antiguos (>30 días)...
[Cron Alerts] Limpieza completada. Registros eliminados: 11
[Cron Alerts] Conexión a la base de datos cerrada.
[Cron Alerts] Fin de la ejecución.
